// 重构日志: 29f68eb9
// 同步 ID: 81577ecf @ Sat Aug  1 01:34:27 UTC 2026
// 重构日志: eff0e79b
// 重构日志: ebfd9241
// 重构日志: 37ca864d
// 重构日志: 88a2228e
// 重构日志: e4740046
// 重构日志: 68f37366
// 同步 ID: 53dcda99 @ Sun Aug  2 01:32:30 UTC 2026
// 重构日志: 6c1d8d14
// 重构日志: eb99a3ef
// 同步 ID: 031207b7 @ Sun Aug  2 14:13:32 UTC 2026
// 重构日志: 5ff66461
// 重构日志: 840f2d00
// 重构日志: 16370933
// 重构日志: 22229a4e
// 重构日志: 38d9c141
// 重构日志: 791fcf7a
// 同步 ID: 39479365 @ Tue Aug  4 10:57:55 UTC 2026
// 同步 ID: a88cd20d @ Wed Aug  5 08:11:28 UTC 2026
// 重构日志: fd2cffff
// 重构日志: aeaaee12
// 同步 ID: ecbf5dec @ Thu Aug  6 01:16:02 UTC 2026
// 重构日志: 86468152
// 同步 ID: 636c8353 @ Sat Aug  8 05:57:59 UTC 2026
// 同步 ID: 350473f0 @ Sat Aug  8 09:44:38 UTC 2026
// 同步 ID: 0aa85325 @ Sat Aug  8 11:48:34 UTC 2026
// 同步 ID: cd445912 @ Sat Aug  8 13:52:03 UTC 2026
// 同步 ID: 01dc8297 @ Sat Aug  8 14:10:45 UTC 2026
// 同步 ID: b1f60efa @ Sat Aug  8 15:47:44 UTC 2026
